// Jest Snapshot v1, https://goo.gl/fbAQLP

exports[`<Subreddit/> renders front page on open 1`] = `
<div>
  <div>
    <h1>
      Sorry that subreddit doesn't exist
    </h1>
  </div>
</div>
`;
